src/components/Button.tsx(1,1): error TS1185: Merge conflict marker encountered.
src/components/Button.tsx(15,1): error TS1185: Merge conflict marker encountered.
src/components/Button.tsx(31,1): error TS1185: Merge conflict marker encountered.
src/components/CalendarView.tsx(1,1): error TS1185: Merge conflict marker encountered.
src/components/CalendarView.tsx(2,1): error TS1109: Expression expected.
src/components/CalendarView.tsx(2,3): error TS1109: Expression expected.
src/components/CalendarView.tsx(2,5): error TS1109: Expression expected.
src/components/CalendarView.tsx(2,7): error TS1109: Expression expected.
src/components/CalendarView.tsx(2,14): error TS1005: ';' expected.
src/components/CalendarView.tsx(7,1): error TS1185: Merge conflict marker encountered.
src/components/CalendarView.tsx(9,1): error TS1185: Merge conflict marker encountered.
src/components/CalendarView.tsx(20,1): error TS1185: Merge conflict marker encountered.
src/components/CalendarView.tsx(21,1): error TS1109: Expression expected.
src/components/CalendarView.tsx(21,4): error TS1109: Expression expected.
src/components/CalendarView.tsx(21,7): error TS1109: Expression expected.
src/components/CalendarView.tsx(21,50): error TS1005: ';' expected.
src/components/CalendarView.tsx(22,1): error TS1185: Merge conflict marker encountered.
src/components/CalendarView.tsx(23,1): error TS1185: Merge conflict marker encountered.
src/components/CalendarView.tsx(38,1): error TS1185: Merge conflict marker encountered.
src/components/CalendarView.tsx(39,1): error TS1109: Expression expected.
src/components/CalendarView.tsx(39,3): error TS1109: Expression expected.
src/components/CalendarView.tsx(39,5): error TS1109: Expression expected.
src/components/CalendarView.tsx(39,7): error TS1109: Expression expected.
src/components/CalendarView.tsx(39,14): error TS1005: ';' expected.
src/components/CalendarView.tsx(53,1): error TS1185: Merge conflict marker encountered.
src/components/CalendarView.tsx(55,1): error TS1185: Merge conflict marker encountered.
src/components/CalendarView.tsx(64,1): error TS1185: Merge conflict marker encountered.
src/components/CalendarView.tsx(65,1): error TS1109: Expression expected.
src/components/CalendarView.tsx(65,4): error TS1109: Expression expected.
src/components/CalendarView.tsx(65,7): error TS1109: Expression expected.
src/components/CalendarView.tsx(65,50): error TS1005: ';' expected.
src/components/CalendarView.tsx(66,1): error TS1185: Merge conflict marker encountered.
src/components/CalendarView.tsx(67,1): error TS1185: Merge conflict marker encountered.
src/components/CalendarView.tsx(132,1): error TS1185: Merge conflict marker encountered.
src/components/CalendarView.tsx(141,1): error TS1185: Merge conflict marker encountered.
src/components/CalendarView.tsx(162,1): error TS1185: Merge conflict marker encountered.
src/components/CalendarView.tsx(185,1): error TS1185: Merge conflict marker encountered.
src/components/CalendarView.tsx(186,1): error TS1185: Merge conflict marker encountered.
src/components/CalendarView.tsx(188,1): error TS1185: Merge conflict marker encountered.
src/components/CalendarView.tsx(227,1): error TS1185: Merge conflict marker encountered.
src/components/CalendarView.tsx(228,1): error TS1185: Merge conflict marker encountered.
src/components/CalendarView.tsx(230,1): error TS1185: Merge conflict marker encountered.
src/components/CalendarView.tsx(282,19): error TS1005: '</' expected.
src/components/CalendarView.tsx(284,1): error TS1185: Merge conflict marker encountered.
src/components/CalendarView.tsx(285,1): error TS1109: Expression expected.
src/components/CalendarView.tsx(285,3): error TS1109: Expression expected.
src/components/CalendarView.tsx(285,5): error TS1109: Expression expected.
src/components/CalendarView.tsx(285,7): error TS1109: Expression expected.
src/components/CalendarView.tsx(285,14): error TS1005: ';' expected.
src/components/CalendarView.tsx(304,13): error TS1128: Declaration or statement expected.
src/components/CalendarView.tsx(305,1): error TS1185: Merge conflict marker encountered.
src/components/CalendarView.tsx(310,1): error TS1185: Merge conflict marker encountered.
src/components/CalendarView.tsx(313,22): error TS1005: ';' expected.
src/components/CalendarView.tsx(313,33): error TS1136: Property assignment expected.
src/components/CalendarView.tsx(313,189): error TS1128: Declaration or statement expected.
src/components/CalendarView.tsx(313,190): error TS1109: Expression expected.
src/components/CalendarView.tsx(391,17): error TS1128: Declaration or statement expected.
src/components/CalendarView.tsx(394,22): error TS1005: ';' expected.
src/components/CalendarView.tsx(507,1): error TS1185: Merge conflict marker encountered.
src/components/CalendarView.tsx(510,1): error TS1185: Merge conflict marker encountered.
src/components/CalendarView.tsx(513,1): error TS1185: Merge conflict marker encountered.
src/components/CalendarView.tsx(552,17): error TS1128: Declaration or statement expected.
src/components/CalendarView.tsx(553,13): error TS1109: Expression expected.
src/components/CalendarView.tsx(554,9): error TS1109: Expression expected.
src/components/CalendarView.tsx(555,5): error TS1109: Expression expected.
src/components/CalendarView.tsx(556,1): error TS1128: Declaration or statement expected.
src/components/FileUploader.tsx(1,1): error TS1185: Merge conflict marker encountered.
src/components/FileUploader.tsx(42,1): error TS1185: Merge conflict marker encountered.
src/components/FileUploader.tsx(164,1): error TS1185: Merge conflict marker encountered.
src/components/FinalDocumentView.tsx(1,1): error TS1185: Merge conflict marker encountered.
src/components/FinalDocumentView.tsx(7,1): error TS1185: Merge conflict marker encountered.
src/components/FinalDocumentView.tsx(15,1): error TS1185: Merge conflict marker encountered.
src/components/FinalDocumentView.tsx(21,1): error TS1185: Merge conflict marker encountered.
src/components/FinalDocumentView.tsx(35,10): error TS17008: JSX element 'div' has no corresponding closing tag.
src/components/FinalDocumentView.tsx(82,40): error TS1382: Unexpected token. Did you mean `{'>'}` or `&gt;`?
src/components/FinalDocumentView.tsx(84,1): error TS1381: Unexpected token. Did you mean `{'}'}` or `&rbrace;`?
src/components/FinalDocumentView.tsx(86,42): error TS17008: JSX element 'FinalDocumentViewProps' has no corresponding closing tag.
src/components/FinalDocumentView.tsx(86,130): error TS1382: Unexpected token. Did you mean `{'>'}` or `&gt;`?
src/components/FinalDocumentView.tsx(87,5): error TS1109: Expression expected.
src/components/FinalDocumentView.tsx(91,44): error TS1003: Identifier expected.
src/components/FinalDocumentView.tsx(91,48): error TS1382: Unexpected token. Did you mean `{'>'}` or `&gt;`?
src/components/FinalDocumentView.tsx(95,56): error TS1003: Identifier expected.
src/components/FinalDocumentView.tsx(96,9): error TS1005: '...' expected.
src/components/FinalDocumentView.tsx(96,12): error TS1005: '}' expected.
src/components/FinalDocumentView.tsx(100,5): error TS1381: Unexpected token. Did you mean `{'}'}` or `&rbrace;`?
src/components/FinalDocumentView.tsx(100,13): error TS1382: Unexpected token. Did you mean `{'>'}` or `&gt;`?
src/components/FinalDocumentView.tsx(101,54): error TS17008: JSX element 'string' has no corresponding closing tag.
src/components/FinalDocumentView.tsx(104,19): error TS1382: Unexpected token. Did you mean `{'>'}` or `&gt;`?
src/components/FinalDocumentView.tsx(105,9): error TS1109: Expression expected.
src/components/FinalDocumentView.tsx(106,57): error TS1005: '}' expected.
src/components/FinalDocumentView.tsx(107,9): error TS1381: Unexpected token. Did you mean `{'}'}` or `&rbrace;`?
src/components/FinalDocumentView.tsx(108,5): error TS1381: Unexpected token. Did you mean `{'}'}` or `&rbrace;`?
src/components/FinalDocumentView.tsx(110,127): error TS1382: Unexpected token. Did you mean `{'>'}` or `&gt;`?
src/components/FinalDocumentView.tsx(111,9): error TS1109: Expression expected.
src/components/FinalDocumentView.tsx(111,46): error TS1005: '}' expected.
src/components/FinalDocumentView.tsx(111,156): error TS1381: Unexpected token. Did you mean `{'}'}` or `&rbrace;`?
src/components/FinalDocumentView.tsx(113,25): error TS1005: '}' expected.
src/components/FinalDocumentView.tsx(119,9): error TS1381: Unexpected token. Did you mean `{'}'}` or `&rbrace;`?
src/components/FinalDocumentView.tsx(120,5): error TS1381: Unexpected token. Did you mean `{'}'}` or `&rbrace;`?
src/components/FinalDocumentView.tsx(123,37): error TS1382: Unexpected token. Did you mean `{'>'}` or `&gt;`?
src/components/FinalDocumentView.tsx(124,9): error TS1109: Expression expected.
src/components/FinalDocumentView.tsx(126,5): error TS1381: Unexpected token. Did you mean `{'}'}` or `&rbrace;`?
src/components/FinalDocumentView.tsx(129,49): error TS1382: Unexpected token. Did you mean `{'>'}` or `&gt;`?
src/components/FinalDocumentView.tsx(130,9): error TS1109: Expression expected.
src/components/FinalDocumentView.tsx(134,13): error TS1109: Expression expected.
src/components/FinalDocumentView.tsx(137,9): error TS1381: Unexpected token. Did you mean `{'}'}` or `&rbrace;`?
src/components/FinalDocumentView.tsx(140,13): error TS1109: Expression expected.
src/components/FinalDocumentView.tsx(142,9): error TS1381: Unexpected token. Did you mean `{'}'}` or `&rbrace;`?
src/components/FinalDocumentView.tsx(144,5): error TS1381: Unexpected token. Did you mean `{'}'}` or `&rbrace;`?
src/components/FinalDocumentView.tsx(146,38): error TS1382: Unexpected token. Did you mean `{'>'}` or `&gt;`?
src/components/FinalDocumentView.tsx(147,9): error TS1109: Expression expected.
src/components/FinalDocumentView.tsx(149,39): error TS1382: Unexpected token. Did you mean `{'>'}` or `&gt;`?
src/components/FinalDocumentView.tsx(150,17): error TS1005: '}' expected.
src/components/FinalDocumentView.tsx(152,17): error TS1109: Expression expected.
src/components/FinalDocumentView.tsx(153,69): error TS1382: Unexpected token. Did you mean `{'>'}` or `&gt;`?
src/components/FinalDocumentView.tsx(153,91): error TS1382: Unexpected token. Did you mean `{'>'}` or `&gt;`?
src/components/FinalDocumentView.tsx(153,102): error TS1382: Unexpected token. Did you mean `{'>'}` or `&gt;`?
src/components/FinalDocumentView.tsx(154,40): error TS1382: Unexpected token. Did you mean `{'>'}` or `&gt;`?
src/components/FinalDocumentView.tsx(176,23): error TS1005: '}' expected.
src/components/FinalDocumentView.tsx(177,17): error TS1381: Unexpected token. Did you mean `{'}'}` or `&rbrace;`?
src/components/FinalDocumentView.tsx(178,13): error TS1381: Unexpected token. Did you mean `{'}'}` or `&rbrace;`?
src/components/FinalDocumentView.tsx(182,17): error TS1109: Expression expected.
src/components/FinalDocumentView.tsx(183,70): error TS1382: Unexpected token. Did you mean `{'>'}` or `&gt;`?
src/components/FinalDocumentView.tsx(183,92): error TS1382: Unexpected token. Did you mean `{'>'}` or `&gt;`?
src/components/FinalDocumentView.tsx(183,103): error TS1382: Unexpected token. Did you mean `{'>'}` or `&gt;`?
src/components/FinalDocumentView.tsx(184,40): error TS1382: Unexpected token. Did you mean `{'>'}` or `&gt;`?
src/components/FinalDocumentView.tsx(190,23): error TS1005: '}' expected.
src/components/FinalDocumentView.tsx(191,17): error TS1381: Unexpected token. Did you mean `{'}'}` or `&rbrace;`?
src/components/FinalDocumentView.tsx(192,13): error TS1381: Unexpected token. Did you mean `{'}'}` or `&rbrace;`?
src/components/FinalDocumentView.tsx(194,9): error TS1381: Unexpected token. Did you mean `{'}'}` or `&rbrace;`?
src/components/FinalDocumentView.tsx(201,15): error TS1005: '}' expected.
src/components/FinalDocumentView.tsx(202,9): error TS1381: Unexpected token. Did you mean `{'}'}` or `&rbrace;`?
src/components/FinalDocumentView.tsx(204,5): error TS1381: Unexpected token. Did you mean `{'}'}` or `&rbrace;`?
src/components/FinalDocumentView.tsx(208,54): error TS1382: Unexpected token. Did you mean `{'>'}` or `&gt;`?
src/components/FinalDocumentView.tsx(209,38): error TS1005: '}' expected.
src/components/FinalDocumentView.tsx(210,5): error TS1381: Unexpected token. Did you mean `{'}'}` or `&rbrace;`?
src/components/FinalDocumentView.tsx(212,69): error TS1382: Unexpected token. Did you mean `{'>'}` or `&gt;`?
src/components/FinalDocumentView.tsx(213,9): error TS1109: Expression expected.
src/components/FinalDocumentView.tsx(214,47): error TS1005: '}' expected.
src/components/FinalDocumentView.tsx(216,9): error TS1381: Unexpected token. Did you mean `{'}'}` or `&rbrace;`?
src/components/FinalDocumentView.tsx(217,5): error TS1381: Unexpected token. Did you mean `{'}'}` or `&rbrace;`?
src/components/FinalDocumentView.tsx(219,67): error TS1382: Unexpected token. Did you mean `{'>'}` or `&gt;`?
src/components/FinalDocumentView.tsx(220,9): error TS1109: Expression expected.
src/components/FinalDocumentView.tsx(225,16): error TS1005: '}' expected.
src/components/FinalDocumentView.tsx(229,9): error TS1381: Unexpected token. Did you mean `{'}'}` or `&rbrace;`?
src/components/FinalDocumentView.tsx(231,5): error TS1381: Unexpected token. Did you mean `{'}'}` or `&rbrace;`?
src/components/FinalDocumentView.tsx(233,51): error TS17008: JSX element 'HTMLInputElement' has no corresponding closing tag.
src/components/FinalDocumentView.tsx(233,107): error TS1382: Unexpected token. Did you mean `{'>'}` or `&gt;`?
src/components/FinalDocumentView.tsx(234,9): error TS1109: Expression expected.
src/components/FinalDocumentView.tsx(235,50): error TS1005: '}' expected.
src/components/FinalDocumentView.tsx(236,9): error TS1381: Unexpected token. Did you mean `{'}'}` or `&rbrace;`?
src/components/FinalDocumentView.tsx(237,5): error TS1381: Unexpected token. Did you mean `{'}'}` or `&rbrace;`?
src/components/FinalDocumentView.tsx(239,31): error TS1382: Unexpected token. Did you mean `{'>'}` or `&gt;`?
src/components/FinalDocumentView.tsx(240,9): error TS1109: Expression expected.
src/components/FinalDocumentView.tsx(242,13): error TS1109: Expression expected.
src/components/FinalDocumentView.tsx(245,17): error TS1109: Expression expected.
src/components/FinalDocumentView.tsx(250,69): error TS1005: '}' expected.
src/components/FinalDocumentView.tsx(251,17): error TS1381: Unexpected token. Did you mean `{'}'}` or `&rbrace;`?
src/components/FinalDocumentView.tsx(255,67): error TS1005: '}' expected.
src/components/FinalDocumentView.tsx(256,17): error TS1381: Unexpected token. Did you mean `{'}'}` or `&rbrace;`?
src/components/FinalDocumentView.tsx(261,62): error TS1005: '}' expected.
src/components/FinalDocumentView.tsx(262,17): error TS1381: Unexpected token. Did you mean `{'}'}` or `&rbrace;`?
src/components/FinalDocumentView.tsx(270,25): error TS1005: '}' expected.
src/components/FinalDocumentView.tsx(271,17): error TS1381: Unexpected token. Did you mean `{'}'}` or `&rbrace;`?
src/components/FinalDocumentView.tsx(273,13): error TS1381: Unexpected token. Did you mean `{'}'}` or `&rbrace;`?
src/components/FinalDocumentView.tsx(274,9): error TS1381: Unexpected token. Did you mean `{'}'}` or `&rbrace;`?
src/components/FinalDocumentView.tsx(278,5): error TS1381: Unexpected token. Did you mean `{'}'}` or `&rbrace;`?
src/components/FinalDocumentView.tsx(280,30): error TS1382: Unexpected token. Did you mean `{'>'}` or `&gt;`?
src/components/FinalDocumentView.tsx(281,9): error TS1109: Expression expected.
src/components/FinalDocumentView.tsx(282,72): error TS1005: '}' expected.
src/components/FinalDocumentView.tsx(284,9): error TS1381: Unexpected token. Did you mean `{'}'}` or `&rbrace;`?
src/components/FinalDocumentView.tsx(288,5): error TS1381: Unexpected token. Did you mean `{'}'}` or `&rbrace;`?
src/components/FinalDocumentView.tsx(290,30): error TS1382: Unexpected token. Did you mean `{'>'}` or `&gt;`?
src/components/FinalDocumentView.tsx(291,29): error TS1005: '}' expected.
src/components/FinalDocumentView.tsx(293,5): error TS1381: Unexpected token. Did you mean `{'}'}` or `&rbrace;`?
src/components/FinalDocumentView.tsx(296,9): error TS1109: Expression expected.
src/components/FinalDocumentView.tsx(320,5): error TS1381: Unexpected token. Did you mean `{'}'}` or `&rbrace;`?
src/components/FinalDocumentView.tsx(484,1): error TS1382: Unexpected token. Did you mean `{'>'}` or `&gt;`?
src/components/FinalDocumentView.tsx(484,2): error TS1382: Unexpected token. Did you mean `{'>'}` or `&gt;`?
src/components/FinalDocumentView.tsx(484,3): error TS1382: Unexpected token. Did you mean `{'>'}` or `&gt;`?
src/components/FinalDocumentView.tsx(484,4): error TS1382: Unexpected token. Did you mean `{'>'}` or `&gt;`?
src/components/FinalDocumentView.tsx(484,5): error TS1382: Unexpected token. Did you mean `{'>'}` or `&gt;`?
src/components/FinalDocumentView.tsx(484,6): error TS1382: Unexpected token. Did you mean `{'>'}` or `&gt;`?
src/components/FinalDocumentView.tsx(484,7): error TS1382: Unexpected token. Did you mean `{'>'}` or `&gt;`?
src/components/FinalDocumentView.tsx(487,1): error TS1381: Unexpected token. Did you mean `{'}'}` or `&rbrace;`?
src/components/FinalDocumentView.tsx(488,1): error TS1005: '</' expected.
